   Compiling libc v0.2.186
   Compiling cfg-if v1.0.4
   Compiling typenum v1.20.0
   Compiling version_check v0.9.5
   Compiling zeroize v1.8.2
   Compiling proc-macro2 v1.0.106
   Compiling unicode-ident v1.0.24
   Compiling quote v1.0.45
   Compiling shlex v1.3.0
   Compiling find-msvc-tools v0.1.9
   Compiling subtle v2.6.1
   Compiling opaque-debug v0.3.1
   Compiling dunce v1.0.5
   Compiling fs_extra v1.3.0
   Compiling memchr v2.8.0
   Compiling zerocopy v0.8.48
   Compiling serde_core v1.0.228
   Compiling anyhow v1.0.103
   Compiling regex-syntax v0.8.11
   Compiling bytes v1.12.1
   Compiling zmij v1.0.21
   Compiling generic-array v0.14.7
   Compiling aho-corasick v1.1.4
   Compiling thiserror v2.0.20
   Compiling hybrid-array v0.4.12
   Compiling getrandom v0.4.2
   Compiling const-oid v0.10.2
   Compiling either v1.15.0
   Compiling itertools v0.14.0
   Compiling crypto-common v0.2.2
   Compiling block-buffer v0.12.1
   Compiling syn v2.0.117
   Compiling syn v3.0.5
   Compiling jobserver v0.1.34
   Compiling getrandom v0.2.17
   Compiling cpufeatures v0.2.17
   Compiling errno v0.3.14
   Compiling rand_core v0.6.4
   Compiling cc v1.2.62
   Compiling cpufeatures v0.3.0
   Compiling serde_json v1.0.151
   Compiling crc32fast v1.5.0
   Compiling aws-lc-rs v1.17.0
   Compiling crypto-common v0.1.7
   Compiling inout v0.1.4
   Compiling universal-hash v0.5.1
   Compiling aead v0.5.2
   Compiling cipher v0.4.4
   Compiling polyval v0.6.2
   Compiling regex-automata v0.4.14
   Compiling block-buffer v0.10.4
   Compiling ghash v0.5.1
   Compiling digest v0.10.7
   Compiling poly1305 v0.8.0
   Compiling chacha20 v0.9.1
   Compiling digest v0.11.3
   Compiling ctr v0.9.2
   Compiling aes v0.8.4
   Compiling keccak v0.2.0
   Compiling signal-hook-registry v1.4.8
   Compiling mio v1.2.0
   Compiling cmake v0.1.58
   Compiling socket2 v0.6.5
   Compiling arrayvec v0.7.8
   Compiling pin-project-lite v0.2.17
   Compiling constant_time_eq v0.4.2
   Compiling arrayref v0.3.9
   Compiling itoa v1.0.18
   Compiling sha3 v0.11.0
   Compiling aes-gcm v0.10.3
   Compiling md-5 v0.11.0
   Compiling chacha20poly1305 v0.10.1
   Compiling sha2 v0.10.9
   Compiling base64 v0.22.1
   Compiling aws-lc-sys v0.41.0
   Compiling blake3 v1.8.5 (/Users/antonmalygin/xray-rust/vendor/blake3)
   Compiling thiserror-impl v2.0.20
   Compiling uuid v1.23.1
   Compiling regex v1.12.4
   Compiling ppv-lite86 v0.2.21
   Compiling rand_chacha v0.3.1
   Compiling xray-routing v0.7.0 (/Users/antonmalygin/xray-rust/crates/xray-routing)
   Compiling rand v0.8.6
   Compiling prost-derive v0.14.4
   Compiling tokio-macros v2.7.0
   Compiling tokio v1.52.3
   Compiling prost v0.14.4
   Compiling xray-proxy v0.7.0 (/Users/antonmalygin/xray-rust/crates/xray-proxy)
    Finished `test` profile [unoptimized + debuginfo] target(s) in 13.91s
     Running unittests src/lib.rs (target/v08-io-miri/miri/aarch64-apple-darwin/debug/deps/xray_proxy-9cc025e86e237e42)

running 1 test
test erase::tests::every_alignment_and_partial_length_is_erased_without_touching_neighbors ... ok

test result: ok. 1 passed; 0 failed; 0 ignored; 0 measured; 32 filtered out; finished in 269.33s
